main.c:80:6:send_Serial	16	static
main.c:88:6:setup	4	static
main.c:92:6:newFileExecuted	4	static
main.c:97:6:blinkRedLed	4	static
main.c:102:6:seekWifiNetwork	4	static
main.c:111:6:generateTurnOnEvent	4	static
main.c:115:6:getTurnOnEvent	16	static
main.c:122:6:generateVoiceCommandEvent	16	static
main.c:127:6:getVoiceCommandEvent	24	static
main.c:135:6:generateTimerOutEvent	4	static
main.c:139:6:getTimerOutEvent	16	static
main.c:151:5:main	8	static
main.c:319:6:SystemClock_Config	96	static
main.c:376:13:MX_USART2_UART_Init	8	static
main.c:411:13:MX_GPIO_Init	16	static
main.c:428:6:Error_Handler	4	static,ignoring_inline_asm
