10:39:10 **** Incremental Build of configuration Debug for project Transition_Test-ADP-FLUAL ****
make -j4 all 
arm-none-eabi-gcc "../State Machine/sm_transition-tests.c" -mcpu=cortex-m4 -std=gnu11 -g3 -DDEBUG -DUSE_HAL_DRIVER -DSTM32L432xx -c -I../Core/Inc -I../Drivers/STM32L4xx_HAL_Driver/Inc -I../Drivers/STM32L4xx_HAL_Driver/Inc/Legacy -I../Drivers/CMSIS/Device/ST/STM32L4xx/Include -I../Drivers/CMSIS/Include -I"N:/Transition_Test-ADP-FLUAL/State Machine" -O0 -ffunction-sections -fdata-sections -Wall -fstack-usage -MMD -MP -MF"State Machine/sm_transition-tests.d" -MT"State Machine/sm_transition-tests.o" --specs=nano.specs -mfpu=fpv4-sp-d16 -mfloat-abi=hard -mthumb -o "State Machine/sm_transition-tests.o"
arm-none-eabi-gcc -o "Transition_Test-ADP-FLUAL.elf" @"objects.list"   -mcpu=cortex-m4 -T"N:\Transition_Test-ADP-FLUAL\STM32L432KCUX_FLASH.ld" --specs=nosys.specs -Wl,-Map="Transition_Test-ADP-FLUAL.map" -Wl,--gc-sections -static --specs=nano.specs -mfpu=fpv4-sp-d16 -mfloat-abi=hard -mthumb -Wl,--start-group -lc -lm -Wl,--end-group
Finished building target: Transition_Test-ADP-FLUAL.elf
 
arm-none-eabi-size   Transition_Test-ADP-FLUAL.elf 
arm-none-eabi-objdump -h -S  Transition_Test-ADP-FLUAL.elf  > "Transition_Test-ADP-FLUAL.list"
arm-none-eabi-objcopy  -O binary  Transition_Test-ADP-FLUAL.elf  "Transition_Test-ADP-FLUAL.bin"
   text	   data	    bss	    dec	    hex	filename
  15112	     24	   1720	  16856	   41d8	Transition_Test-ADP-FLUAL.elf
Finished building: default.size.stdout
 
Finished building: Transition_Test-ADP-FLUAL.bin
 
Finished building: Transition_Test-ADP-FLUAL.list
 
10:39:19 **** Incremental Build of configuration Debug for project Transition_Test-ADP-FLUAL ****
make -j4 all 
arm-none-eabi-size   Transition_Test-ADP-FLUAL.elf 
   text	   data	    bss	    dec	    hex	filename
  15112	     24	   1720	  16856	   41d8	Transition_Test-ADP-FLUAL.elf
Finished building: default.size.stdout
 
