main.c:74:6:HAL_ADC_ConvCpltCallback	24	static
main.c:83:6:HAL_ADC_ConvHalfCpltCallback	24	static
main.c:96:5:main	8	static,ignoring_inline_asm
main.c:154:6:SystemClock_Config	96	static
main.c:211:13:MX_ADC1_Init	32	static
main.c:267:13:MX_DAC1_Init	48	static
main.c:321:13:MX_TIM2_Init	40	static
main.c:366:13:MX_TIM6_Init	24	static
main.c:404:13:MX_USART2_UART_Init	8	static
main.c:437:13:MX_DMA_Init	16	static
main.c:462:13:MX_GPIO_Init	48	static
main.c:514:6:Error_Handler	4	static,ignoring_inline_asm
main.c:533:6:assert_failed	16	static
